../Core/Inc/SEGMENT_7_LED.h:23:6:test	8	static
../Core/Inc/SEGMENT_7_LED.h:39:6:display7SEG	16	static
../Core/Inc/Ex3_4_5_6_7_8.h:23:6:update7SEG	16	static
../Core/Inc/Ex3_4_5_6_7_8.h:57:6:change_state	16	static
../Core/Inc/Ex3_4_5_6_7_8.h:80:6:updateClockBuffer	4	static
../Core/Inc/Ex3_4_5_6_7_8.h:87:6:updateTime	8	static
../Core/Src/main.c:71:7:Setup_time	16	static
../Core/Src/main.c:77:7:reset	16	static
../Core/Src/main.c:82:7:timer_run	16	static
../Core/Src/main.c:99:5:main	16	static
../Core/Src/main.c:162:6:SystemClock_Config	72	static
../Core/Src/main.c:199:13:MX_TIM2_Init	32	static
../Core/Src/main.c:244:13:MX_GPIO_Init	32	static
../Core/Src/main.c:297:6:HAL_TIM_PeriodElapsedCallback	16	static
../Core/Src/main.c:307:6:Error_Handler	4	static,ignoring_inline_asm
