../Core/Inc/Ex9_10.h:37:6:updaterow	24	static
../Core/Inc/Ex9_10.h:42:6:init_state	16	static
../Core/Inc/Ex9_10.h:56:6:changecol	4	static
../Core/Inc/Ex9_10.h:62:6:updateLEDMatrix	8	static
../Core/Inc/Ex9_10.h:158:6:updateshift	4	static
../Core/Inc/Ex9_10.h:161:6:updateLEDMatrix_shift	16	static
../Core/Src/main.c:70:7:Setup_time	16	static
../Core/Src/main.c:76:7:reset	16	static
../Core/Src/main.c:81:7:timer_run	16	static
../Core/Src/main.c:98:5:main	8	static
../Core/Src/main.c:150:6:SystemClock_Config	72	static
../Core/Src/main.c:187:13:MX_TIM2_Init	32	static
../Core/Src/main.c:232:13:MX_GPIO_Init	32	static
../Core/Src/main.c:285:6:HAL_TIM_PeriodElapsedCallback	16	static
../Core/Src/main.c:294:6:Error_Handler	4	static,ignoring_inline_asm
